// Jest Snapshot v1, https://goo.gl/fbAQLP

exports[`Editor Editor renders correctly 1`] = `
<div
  className="editor curvedTop null"
  id="terminalEditor"
  style={
    {
      "background": "#fdf6e4",
    }
  }
>
  <span
    style={
      {
        "color": "#a917a8",
      }
    }
  >
    $
  </span>
  <div
    className="lineText"
  >
    <span
      className="preWhiteSpace"
    />
    <span
      className="preWhiteSpace"
    />
  </div>
</div>
`;
