// Jest Snapshot v1, https://goo.gl/fbAQLP

exports[`Terminal Terminal doesn't render control bar 1`] = `
<div
  className="theme--light"
  data-testid="terminal"
  id="terminalContainer"
>
  <div
    className="terminal"
    style={
      {
        "background": "#d8d8d8",
        "color": "#333333",
      }
    }
  >
    <div
      className="editor curvedTop null"
      id="terminalEditor"
      style={
        {
          "background": "#fdf6e4",
        }
      }
    >
      <span
        style={
          {
            "color": "#a917a8",
          }
        }
      >
        &gt;&gt;&gt;
      </span>
      <div
        className="lineText"
      >
        <span
          className="preWhiteSpace"
        />
        <span
          className="caret"
        >
          <span
            className="caretAfter"
            style={
              {
                "background": "#333333",
              }
            }
          />
        </span>
        <span
          className="preWhiteSpace"
        />
      </div>
    </div>
  </div>
</div>
`;

exports[`Terminal Terminal doesn't render control buttons 1`] = `
<div
  className="theme--light"
  data-testid="terminal"
  id="terminalContainer"
>
  <div
    className="terminal"
    style={
      {
        "background": "#d8d8d8",
        "color": "#333333",
      }
    }
  >
    <div
      className="controls"
    />
    <div
      className="editor null editorWithTopBar"
      id="terminalEditor"
      style={
        {
          "background": "#fdf6e4",
        }
      }
    >
      <span
        style={
          {
            "color": "#a917a8",
          }
        }
      >
        &gt;&gt;&gt;
      </span>
      <div
        className="lineText"
      >
        <span
          className="preWhiteSpace"
        />
        <span
          className="caret"
        >
          <span
            className="caretAfter"
            style={
              {
                "background": "#333333",
              }
            }
          />
        </span>
        <span
          className="preWhiteSpace"
        />
      </div>
    </div>
  </div>
</div>
`;

exports[`Terminal Terminal renders correctly 1`] = `
<div
  className="theme--light"
  data-testid="terminal"
  id="terminalContainer"
>
  <div
    className="terminal"
    style={
      {
        "background": "#d8d8d8",
        "color": "#333333",
      }
    }
  >
    <div
      className="controls"
    >
      <div
        className="consoleCtrl close"
      />
      <div
        className="consoleCtrl minimize"
      />
      <div
        className="consoleCtrl maximize"
      />
    </div>
    <div
      className="editor null editorWithTopBar"
      id="terminalEditor"
      style={
        {
          "background": "#fdf6e4",
        }
      }
    >
      <span
        style={
          {
            "color": "#a917a8",
          }
        }
      >
        &gt;&gt;&gt;
      </span>
      <div
        className="lineText"
      >
        <span
          className="preWhiteSpace"
        />
        <span
          className="caret"
        >
          <span
            className="caretAfter"
            style={
              {
                "background": "#333333",
              }
            }
          />
        </span>
        <span
          className="preWhiteSpace"
        />
      </div>
    </div>
  </div>
</div>
`;
